{
    "mini sample should match snapshot": {
        "content": [
            {
                "0": [
                    [
                        {
                            "id": "test"
                        },
                        "test_pfam_coverage.tsv:md5,17f0ded0bfcb006a11005f7b0eb4dd91"
                    ]
                ],
                "1": [
                    "versions.yml:md5,65a450616ed2e91f2323322ba04e3b9b"
                ],
                "tsv": [
                    [
                        {
                            "id": "test"
                        },
                        "test_pfam_coverage.tsv:md5,17f0ded0bfcb006a11005f7b0eb4dd91"
                    ]
                ],
                "versions": [
                    "versions.yml:md5,65a450616ed2e91f2323322ba04e3b9b"
                ]
            }
        ],
        "meta": {
            "nf-test": "0.9.2",
            "nextflow": "24.10.2"
        },
        "timestamp": "2025-05-20T09:09:01.858120151"
    },
    "edge-cases synthetic sample should match snapshot": {
        "content": [
            {
                "0": [
                    [
                        {
                            "id": "test"
                        },
                        "test_pfam_coverage.tsv:md5,e401f1728dde25c79d0beaeb87bc80ff"
                    ]
                ],
                "1": [
                    "versions.yml:md5,65a450616ed2e91f2323322ba04e3b9b"
                ],
                "tsv": [
                    [
                        {
                            "id": "test"
                        },
                        "test_pfam_coverage.tsv:md5,e401f1728dde25c79d0beaeb87bc80ff"
                    ]
                ],
                "versions": [
                    "versions.yml:md5,65a450616ed2e91f2323322ba04e3b9b"
                ]
            }
        ],
        "meta": {
            "nf-test": "0.9.2",
            "nextflow": "24.10.2"
        },
        "timestamp": "2025-05-20T09:12:40.333051066"
    }
}